2026-04-17 16:04:13 INFO  TC_002_DiagnosticTest:14 -
			----------Diagnostic Test starts ----------
2026-04-17 16:04:13 INFO  TC_002_DiagnosticTest:18 -
			Clicking diagnostic page
2026-04-17 16:04:13 INFO  TC_002_DiagnosticTest:21 -
			Printing Top Cities in Diagnostic Page
2026-04-17 16:28:49 INFO  TC_002_DiagnosticTest:14 -
			----------Diagnostic Test starts ----------
2026-04-17 16:28:49 INFO  TC_002_DiagnosticTest:18 -
			Clicking diagnostic page
2026-04-17 16:28:49 INFO  TC_002_DiagnosticTest:21 -
			Printing Top Cities in Diagnostic Page
2026-04-17 16:29:03 INFO  TC_002_DiagnosticTest:14 -
			----------Diagnostic Test starts ----------
2026-04-17 16:29:03 INFO  TC_002_DiagnosticTest:18 -
			Clicking diagnostic page
2026-04-17 16:29:03 INFO  TC_002_DiagnosticTest:21 -
			Printing Top Cities in Diagnostic Page
2026-04-17 16:38:58 INFO  TC_002_DiagnosticTest:14 -
			----------Diagnostic Test starts ----------
2026-04-17 16:38:58 INFO  TC_002_DiagnosticTest:18 -
			Clicking diagnostic page
2026-04-17 16:38:58 INFO  TC_002_DiagnosticTest:21 -
			Printing Top Cities in Diagnostic Page
2026-04-17 16:39:02 ERROR TC_002_DiagnosticTest:24 -
			----------Test Failed----------
